Godot Engine v4.7.2.stable.official.ed1daf0bf - https://godotengine.org

[   0% ] [90m[1mfirst_scan_filesystem[22m | Started Project initialization (5 steps)[39m[0m
[   0% ] [90m[1mfirst_scan_filesystem[22m | Scanning file structure...[39m[0m
[  16% ] [90m[1mfirst_scan_filesystem[22m | Loading global class names...[39m[0m
[  33% ] [90m[1mfirst_scan_filesystem[22m | Verifying GDExtensions...[39m[0m
[  50% ] [90m[1mfirst_scan_filesystem[22m | Creating autoload scripts...[39m[0m
[  66% ] [90m[1mfirst_scan_filesystem[22m | Initializing plugins...[39m[0m
[  83% ] [90m[1mfirst_scan_filesystem[22m | Starting file scan...[39m[0m
[92m[ DONE ][39m [1mfirst_scan_filesystem[22m
[0m
[   0% ] [90m[1mupdate_scripts_classes[22m | Started Registering global classes... (12 steps)[39m[0m
[   0% ] [90m[1mupdate_scripts_classes[22m | SoundScape[39m[0m
[   7% ] [90m[1mupdate_scripts_classes[22m | CameraRig[39m[0m
[  15% ] [90m[1mupdate_scripts_classes[22m | [39m[0m
[  23% ] [90m[1mupdate_scripts_classes[22m | [39m[0m
[  30% ] [90m[1mupdate_scripts_classes[22m | Player[39m[0m
[  38% ] [90m[1mupdate_scripts_classes[22m | ProcTextures[39m[0m
[  46% ] [90m[1mupdate_scripts_classes[22m | SandField[39m[0m
[  53% ] [90m[1mupdate_scripts_classes[22m | Scarf[39m[0m
[  61% ] [90m[1mupdate_scripts_classes[22m | SmokeTest[39m[0m
[  69% ] [90m[1mupdate_scripts_classes[22m | Terrain[39m[0m
[  76% ] [90m[1mupdate_scripts_classes[22m | WindField[39m[0m
[  84% ] [90m[1mupdate_scripts_classes[22m | GameWorld[39m[0m
[92m[ DONE ][39m [1mupdate_scripts_classes[22m
[0m
[   0% ] [90m[1mreimport[22m | Started (Re)Importing Assets (1 steps)[39m[0m
[   0% ] [90m[1mreimport[22m | Preparing files to reimport...[39m[0m
[   0% ] [90m[1mreimport[22m | Executing pre-reimport operations...[39m[0m
[   0% ] [90m[1mreimport[22m | icon.svg[39m[0m
[  50% ] [90m[1mreimport[22m | Finalizing Asset Import...[39m[0m
[92m[ DONE ][39m [1mreimport[22m
[0m
[   0% ] [90m[1mreimport[22m | Started (Re)Importing Assets (1 steps)[39m[0m
[   0% ] [90m[1mreimport[22m | Executing post-reimport operations...[39m[0m
[92m[ DONE ][39m [1mreimport[22m
[0m
[   0% ] [90m[1mloading_editor_layout[22m | Started Loading editor (5 steps)[39m[0m
[   0% ] [90m[1mloading_editor_layout[22m | Loading editor layout...[39m[0m
[  16% ] [90m[1mloading_editor_layout[22m | Loading docks...[39m[0m
[92m[ DONE ][39m [1mloading_editor_layout[22m
[0m
SCRIPT ERROR: Parse Error: Cannot infer the type of "ni" variable because the value doesn't have a set type.
          at: GDScript::reload (res://scripts/sand_field.gd:225)
SCRIPT ERROR: Parse Error: Cannot infer the type of "nj" variable because the value doesn't have a set type.
          at: GDScript::reload (res://scripts/sand_field.gd:226)
SCRIPT ERROR: Compile Error: Failed to compile depended scripts.
          at: GDScript::reload (res://scripts/terrain.gd:0)
SCRIPT ERROR: Parse Error: Static function "bus_add_effect()" not found in base "GDScriptNativeClass".
          at: GDScript::reload (res://scripts/audio.gd:52)
SCRIPT ERROR: Parse Error: Static function "bus_add_effect()" not found in base "GDScriptNativeClass".
          at: GDScript::reload (res://scripts/audio.gd:60)
SCRIPT ERROR: Parse Error: Name "bus_count" called as a function but is a "int".
          at: GDScript::reload (res://scripts/audio.gd:66)
SCRIPT ERROR: Parse Error: Cannot infer the type of "idx" variable because the value doesn't have a set type.
          at: GDScript::reload (res://scripts/audio.gd:66)
SCRIPT ERROR: Parse Error: Too many arguments for "_check_prints_real()" call. Expected at most 1 but received 2.
          at: GDScript::reload (res://scripts/smoke_test.gd:49)
SCRIPT ERROR: Parse Error: A void function cannot return a value.
          at: GDScript::reload (res://scripts/smoke_test.gd:118)
SCRIPT ERROR: Compile Error: Failed to compile depended scripts.
          at: GDScript::reload (res://scripts/main.gd:0)
ERROR: Failed to load script "res://scripts/main.gd" with error "Parse error".
   at: load (modules/gdscript/gdscript_resource_format.cpp:46)
