Godot Engine v4.7.2.stable.official.ed1daf0bf - https://godotengine.org
Vulkan 1.4.318 - Forward+ - Using Device #0: Unknown - llvmpipe (LLVM 20.1.2, 256 bits)
libpulse.so.0: cannot open shared object file: No such file or directory
libpulse.so.0: cannot open shared object file: No such file or directory
ALSA lib confmisc.c:855:(parse_card) cannot find card '0'
ALSA lib conf.c:5208:(_snd_config_evaluate) function snd_func_card_inum returned error: No such file or directory
ALSA lib confmisc.c:422:(snd_func_concat) error evaluating strings
ALSA lib conf.c:5208:(_snd_config_evaluate) function snd_func_concat returned error: No such file or directory
ALSA lib confmisc.c:1342:(snd_func_refer) error evaluating name
ALSA lib conf.c:5208:(_snd_config_evaluate) function snd_func_refer returned error: No such file or directory
ALSA lib conf.c:5731:(snd_config_expand) Evaluate error: No such file or directory
ALSA lib pcm.c:2721:(snd_pcm_open_noupdate) Unknown PCM default
ERROR: Condition "status < 0" is true. Returning: ERR_CANT_OPEN
   at: init_output_device (drivers/alsa/audio_driver_alsa.cpp:97)
WARNING: All audio drivers failed, falling back to the dummy driver.
     at: initialize (servers/audio/audio_server.cpp:258)

[AUDIT] load руки с пистолетом (Mark 23)
[AUDIT] mark_23: материалов 3, анимаций 4
[AUDIT]   StandardMaterial3D 'Hand_D' subsurf=false
[AUDIT]   StandardMaterial3D 'Glove_D' subsurf=false
[AUDIT]   StandardMaterial3D 'Mark23_D' subsurf=false
[AUDIT] load зомби (Zombie De Goma)
[AUDIT] zombie: материалов 1, анимаций 16
[AUDIT]   StandardMaterial3D 'Material__meltyzombie_diffuse_tga' subsurf=false
[AUDIT] конец
